Collecting onnxruntime
  Using cached onnxruntime-1.24.4-cp313-cp313-manylinux_2_27_x86_64.manylinux_2_28_x86_64.whl.metadata (5.2 kB)
Collecting onnx
  Using cached onnx-1.20.1-cp312-abi3-manylinux_2_27_x86_64.manylinux_2_28_x86_64.whl.metadata (8.4 kB)
Requirement already satisfied: pillow in ./venv/lib/python3.13/site-packages (12.1.1)
Collecting matplotlib
  Using cached matplotlib-3.10.8-cp313-cp313-manylinux2014_x86_64.manylinux_2_17_x86_64.whl.metadata (52 kB)
Requirement already satisfied: numpy in ./venv/lib/python3.13/site-packages (2.4.3)
Collecting scipy
  Using cached scipy-1.17.1-cp313-cp313-manylinux_2_27_x86_64.manylinux_2_28_x86_64.whl.metadata (62 kB)
Collecting pycocotools
  Downloading pycocotools-2.0.11-cp312-abi3-manylinux2014_x86_64.manylinux_2_17_x86_64.manylinux_2_28_x86_64.whl.metadata (1.3 kB)
Collecting timm
  Using cached timm-1.0.26-py3-none-any.whl.metadata (39 kB)
Collecting tqdm
  Using cached tqdm-4.67.3-py3-none-any.whl.metadata (57 kB)
Collecting flatbuffers (from onnxruntime)
  Using cached flatbuffers-25.12.19-py2.py3-none-any.whl.metadata (1.0 kB)
Collecting packaging (from onnxruntime)
  Using cached packaging-26.0-py3-none-any.whl.metadata (3.3 kB)
Collecting protobuf (from onnxruntime)
  Using cached protobuf-7.34.1-cp310-abi3-manylinux2014_x86_64.whl.metadata (595 bytes)
Requirement already satisfied: sympy in ./venv/lib/python3.13/site-packages (from onnxruntime) (1.14.0)
Requirement already satisfied: typing_extensions>=4.7.1 in ./venv/lib/python3.13/site-packages (from onnx) (4.15.0)
Collecting ml_dtypes>=0.5.0 (from onnx)
  Using cached ml_dtypes-0.5.4-cp313-cp313-manylinux_2_27_x86_64.manylinux_2_28_x86_64.whl.metadata (8.9 kB)
Collecting contourpy>=1.0.1 (from matplotlib)
  Using cached contourpy-1.3.3-cp313-cp313-manylinux_2_27_x86_64.manylinux_2_28_x86_64.whl.metadata (5.5 kB)
Collecting cycler>=0.10 (from matplotlib)
  Using cached cycler-0.12.1-py3-none-any.whl.metadata (3.8 kB)
Collecting fonttools>=4.22.0 (from matplotlib)
  Using cached fonttools-4.62.1-cp313-cp313-manylinux2014_x86_64.manylinux_2_17_x86_64.whl.metadata (117 kB)
Collecting kiwisolver>=1.3.1 (from matplotlib)
  Using cached kiwisolver-1.5.0-cp313-cp313-manylinux2014_x86_64.manylinux_2_17_x86_64.whl.metadata (5.1 kB)
Collecting pyparsing>=3 (from matplotlib)
  Using cached pyparsing-3.3.2-py3-none-any.whl.metadata (5.8 kB)
Collecting python-dateutil>=2.7 (from matplotlib)
  Using cached python_dateutil-2.9.0.post0-py2.py3-none-any.whl.metadata (8.4 kB)
Requirement already satisfied: torch in ./venv/lib/python3.13/site-packages (from timm) (2.11.0+cpu)
Requirement already satisfied: torchvision in ./venv/lib/python3.13/site-packages (from timm) (0.26.0+cpu)
Collecting pyyaml (from timm)
  Using cached pyyaml-6.0.3-cp313-cp313-manylinux2014_x86_64.manylinux_2_17_x86_64.manylinux_2_28_x86_64.whl.metadata (2.4 kB)
Collecting huggingface_hub (from timm)
  Using cached huggingface_hub-1.7.2-py3-none-any.whl.metadata (13 kB)
Collecting safetensors (from timm)
  Using cached safetensors-0.7.0-cp38-abi3-manylinux_2_17_x86_64.manylinux2014_x86_64.whl.metadata (4.1 kB)
Collecting six>=1.5 (from python-dateutil>=2.7->matplotlib)
  Using cached six-1.17.0-py2.py3-none-any.whl.metadata (1.7 kB)
Requirement already satisfied: filelock>=3.10.0 in ./venv/lib/python3.13/site-packages (from huggingface_hub->timm) (3.25.2)
Requirement already satisfied: fsspec>=2023.5.0 in ./venv/lib/python3.13/site-packages (from huggingface_hub->timm) (2026.2.0)
Collecting hf-xet<2.0.0,>=1.4.2 (from huggingface_hub->timm)
  Using cached hf_xet-1.4.2-cp37-abi3-manylinux2014_x86_64.manylinux_2_17_x86_64.whl.metadata (4.9 kB)
Collecting httpx<1,>=0.23.0 (from huggingface_hub->timm)
  Using cached httpx-0.28.1-py3-none-any.whl.metadata (7.1 kB)
Collecting typer (from huggingface_hub->timm)
  Using cached typer-0.24.1-py3-none-any.whl.metadata (16 kB)
Collecting anyio (from httpx<1,>=0.23.0->huggingface_hub->timm)
  Using cached anyio-4.13.0-py3-none-any.whl.metadata (4.5 kB)
Collecting certifi (from httpx<1,>=0.23.0->huggingface_hub->timm)
  Using cached certifi-2026.2.25-py3-none-any.whl.metadata (2.5 kB)
Collecting httpcore==1.* (from httpx<1,>=0.23.0->huggingface_hub->timm)
  Using cached httpcore-1.0.9-py3-none-any.whl.metadata (21 kB)
Collecting idna (from httpx<1,>=0.23.0->huggingface_hub->timm)
  Using cached idna-3.11-py3-none-any.whl.metadata (8.4 kB)
Collecting h11>=0.16 (from httpcore==1.*->httpx<1,>=0.23.0->huggingface_hub->timm)
  Using cached h11-0.16.0-py3-none-any.whl.metadata (8.3 kB)
Requirement already satisfied: mpmath<1.4,>=1.1.0 in ./venv/lib/python3.13/site-packages (from sympy->onnxruntime) (1.3.0)
Requirement already satisfied: setuptools<82 in ./venv/lib/python3.13/site-packages (from torch->timm) (70.2.0)
Requirement already satisfied: networkx>=2.5.1 in ./venv/lib/python3.13/site-packages (from torch->timm) (3.6.1)
Requirement already satisfied: jinja2 in ./venv/lib/python3.13/site-packages (from torch->timm) (3.1.6)
Requirement already satisfied: MarkupSafe>=2.0 in ./venv/lib/python3.13/site-packages (from jinja2->torch->timm) (3.0.2)
Collecting click>=8.2.1 (from typer->huggingface_hub->timm)
  Using cached click-8.3.1-py3-none-any.whl.metadata (2.6 kB)
Collecting shellingham>=1.3.0 (from typer->huggingface_hub->timm)
  Using cached shellingham-1.5.4-py2.py3-none-any.whl.metadata (3.5 kB)
Collecting rich>=12.3.0 (from typer->huggingface_hub->timm)
  Using cached rich-14.3.3-py3-none-any.whl.metadata (18 kB)
Collecting annotated-doc>=0.0.2 (from typer->huggingface_hub->timm)
  Using cached annotated_doc-0.0.4-py3-none-any.whl.metadata (6.6 kB)
Collecting markdown-it-py>=2.2.0 (from rich>=12.3.0->typer->huggingface_hub->timm)
  Using cached markdown_it_py-4.0.0-py3-none-any.whl.metadata (7.3 kB)
Collecting pygments<3.0.0,>=2.13.0 (from rich>=12.3.0->typer->huggingface_hub->timm)
  Using cached pygments-2.19.2-py3-none-any.whl.metadata (2.5 kB)
Collecting mdurl~=0.1 (from markdown-it-py>=2.2.0->rich>=12.3.0->typer->huggingface_hub->timm)
  Using cached mdurl-0.1.2-py3-none-any.whl.metadata (1.6 kB)
Using cached onnxruntime-1.24.4-cp313-cp313-manylinux_2_27_x86_64.manylinux_2_28_x86_64.whl (17.2 MB)
Using cached onnx-1.20.1-cp312-abi3-manylinux_2_27_x86_64.manylinux_2_28_x86_64.whl (17.5 MB)
Using cached matplotlib-3.10.8-cp313-cp313-manylinux2014_x86_64.manylinux_2_17_x86_64.whl (8.7 MB)
Using cached scipy-1.17.1-cp313-cp313-manylinux_2_27_x86_64.manylinux_2_28_x86_64.whl (35.2 MB)
Downloading pycocotools-2.0.11-cp312-abi3-manylinux2014_x86_64.manylinux_2_17_x86_64.manylinux_2_28_x86_64.whl (411 kB)
Using cached timm-1.0.26-py3-none-any.whl (2.6 MB)
Using cached tqdm-4.67.3-py3-none-any.whl (78 kB)
Using cached contourpy-1.3.3-cp313-cp313-manylinux_2_27_x86_64.manylinux_2_28_x86_64.whl (362 kB)
Using cached cycler-0.12.1-py3-none-any.whl (8.3 kB)
Using cached fonttools-4.62.1-cp313-cp313-manylinux2014_x86_64.manylinux_2_17_x86_64.whl (5.0 MB)
Using cached kiwisolver-1.5.0-cp313-cp313-manylinux2014_x86_64.manylinux_2_17_x86_64.whl (1.5 MB)
Using cached ml_dtypes-0.5.4-cp313-cp313-manylinux_2_27_x86_64.manylinux_2_28_x86_64.whl (5.0 MB)
Using cached packaging-26.0-py3-none-any.whl (74 kB)
Using cached protobuf-7.34.1-cp310-abi3-manylinux2014_x86_64.whl (324 kB)
Using cached pyparsing-3.3.2-py3-none-any.whl (122 kB)
Using cached python_dateutil-2.9.0.post0-py2.py3-none-any.whl (229 kB)
Using cached six-1.17.0-py2.py3-none-any.whl (11 kB)
Using cached flatbuffers-25.12.19-py2.py3-none-any.whl (26 kB)
Using cached huggingface_hub-1.7.2-py3-none-any.whl (618 kB)
Using cached hf_xet-1.4.2-cp37-abi3-manylinux2014_x86_64.manylinux_2_17_x86_64.whl (4.2 MB)
Using cached httpx-0.28.1-py3-none-any.whl (73 kB)
Using cached httpcore-1.0.9-py3-none-any.whl (78 kB)
Using cached h11-0.16.0-py3-none-any.whl (37 kB)
Using cached pyyaml-6.0.3-cp313-cp313-manylinux2014_x86_64.manylinux_2_17_x86_64.manylinux_2_28_x86_64.whl (801 kB)
Using cached anyio-4.13.0-py3-none-any.whl (114 kB)
Using cached idna-3.11-py3-none-any.whl (71 kB)
Using cached certifi-2026.2.25-py3-none-any.whl (153 kB)
Using cached safetensors-0.7.0-cp38-abi3-manylinux_2_17_x86_64.manylinux2014_x86_64.whl (507 kB)
Using cached typer-0.24.1-py3-none-any.whl (56 kB)
Using cached annotated_doc-0.0.4-py3-none-any.whl (5.3 kB)
Using cached click-8.3.1-py3-none-any.whl (108 kB)
Using cached rich-14.3.3-py3-none-any.whl (310 kB)
Using cached pygments-2.19.2-py3-none-any.whl (1.2 MB)
Using cached markdown_it_py-4.0.0-py3-none-any.whl (87 kB)
Using cached mdurl-0.1.2-py3-none-any.whl (10.0 kB)
Using cached shellingham-1.5.4-py2.py3-none-any.whl (9.8 kB)
Installing collected packages: flatbuffers, tqdm, six, shellingham, scipy, safetensors, pyyaml, pyparsing, pygments, pycocotools, protobuf, packaging, ml_dtypes, mdurl, kiwisolver, idna, hf-xet, h11, fonttools, cycler, contourpy, click, certifi, annotated-doc, python-dateutil, onnxruntime, onnx, markdown-it-py, httpcore, anyio, rich, matplotlib, httpx, typer, huggingface_hub, timm

Successfully installed annotated-doc-0.0.4 anyio-4.13.0 certifi-2026.2.25 click-8.3.1 contourpy-1.3.3 cycler-0.12.1 flatbuffers-25.12.19 fonttools-4.62.1 h11-0.16.0 hf-xet-1.4.2 httpcore-1.0.9 httpx-0.28.1 huggingface_hub-1.7.2 idna-3.11 kiwisolver-1.5.0 markdown-it-py-4.0.0 matplotlib-3.10.8 mdurl-0.1.2 ml_dtypes-0.5.4 onnx-1.20.1 onnxruntime-1.24.4 packaging-26.0 protobuf-7.34.1 pycocotools-2.0.11 pygments-2.19.2 pyparsing-3.3.2 python-dateutil-2.9.0.post0 pyyaml-6.0.3 rich-14.3.3 safetensors-0.7.0 scipy-1.17.1 shellingham-1.5.4 six-1.17.0 timm-1.0.26 tqdm-4.67.3 typer-0.24.1
